gcc -g p2final.c
îº§ gdb a.out
GNU gdb (Ubuntu 8.1.1-0ubuntu1) 8.1.1
Copyright (C) 2018 Free Software Foundation, Inc.
License GPLv3+: GNU GPL version 3 or later <http://gnu.org/licenses/gpl.html>
This is free software: you are free to change and redistribute it.
There is NO WARRANTY, to the extent permitted by law.  Type "show copying"
and "show warranty" for details.
This GDB was configured as "x86_64-linux-gnu".
Type "show configuration" for configuration details.
For bug reporting instructions, please see:
<http://www.gnu.org/software/gdb/bugs/>.
Find the GDB manual and other documentation resources online at:
<http://www.gnu.org/software/gdb/documentation/>.
For help, type "help".
Type "apropos word" to search for commands related to "word"...
Reading symbols from a.out...done.
(gdb) b main
Breakpoint 1 at 0x852: file p2final.c, line 32.
(gdb) r
Starting program: /home/runner/IA2-Test1-Session2/a.out 
warning: Error disabling address space randomization: Operation not permitted

Breakpoint 1, main () at p2final.c:32
32    a1=input_side();
(gdb) s
input_side () at p2final.c:3
3   {
(gdb) n
5     printf("Enter the side of the triangle\n");
(gdb) n
Enter the side of the triangle
6     scanf("%d",&a);
(gdb) n
3
7     return a;
(gdb) n
8   }
(gdb) n
main () at p2final.c:33
33    b1=input_side();
(gdb) s
input_side () at p2final.c:3
3   {
(gdb) n
5     printf("Enter the side of the triangle\n");
(gdb) n
Enter the side of the triangle
6     scanf("%d",&a);
(gdb) n
4
7     return a;
(gdb) n
8   }
(gdb) n
main () at p2final.c:34
34    c1=input_side();
(gdb) n
Enter the side of the triangle
5
35    count1=check_scalene(a1,b1,c1);
(gdb) n
36    output(a1,b1,c1,count1);
(gdb) s
output (a=3, b=4, c=5, isscalene=1) at p2final.c:20
20    if(isscalene==1)
(gdb) n
22      printf("The triangle with the sides %d,%d and %d is Scalene",a,b,c);
(gdb) n
28  }
(gdb) n
main () at p2final.c:37
37    return 0;
(gdb) n
38  }(gdb) c
Continuing.
The triangle with the sides 3,4 and 5 is Scalene[Inferior 1 (process 49) exited normally]
(gdb) 